// Jest Snapshot v1, https://goo.gl/fbAQLP

exports[`IMEI classification Component if renders correctly 1`] = `
ShallowWrapper {
  Symbol(enzyme.__root__): [Circular],
  Symbol(enzyme.__unrendered__): <ImeiClassification />,
  Symbol(enzyme.__renderer__): Object {
    "batchedUpdates": [Function],
    "getNode": [Function],
    "render": [Function],
    "simulateError": [Function],
    "simulateEvent": [Function],
    "unmount": [Function],
  },
  Symbol(enzyme.__node__): Object {
    "instance": null,
    "key": undefined,
    "nodeType": "function",
    "props": Object {
      "children": Array [
        <CardHeader
          tag="div"
        >
          <b>
            IMEI classification results
          </b>
        </CardHeader>,
        <CardBody
          className="steps-loading"
          tag="div"
        >
          <StepLoading />
        </CardBody>,
      ],
      "tag": "div",
    },
    "ref": null,
    "rendered": Array [
      Object {
        "instance": null,
        "key": undefined,
        "nodeType": "function",
        "props": Object {
          "children": <b>
            IMEI classification results
          </b>,
          "tag": "div",
        },
        "ref": null,
        "rendered": Object {
          "instance": null,
          "key": undefined,
          "nodeType": "host",
          "props": Object {
            "children": "IMEI classification results",
          },
          "ref": null,
          "rendered": "IMEI classification results",
          "type": "b",
        },
        "type": [Function],
      },
      Object {
        "instance": null,
        "key": undefined,
        "nodeType": "function",
        "props": Object {
          "children": <StepLoading />,
          "className": "steps-loading",
          "tag": "div",
        },
        "ref": null,
        "rendered": Object {
          "instance": null,
          "key": undefined,
          "nodeType": "function",
          "props": Object {},
          "ref": null,
          "rendered": null,
          "type": [Function],
        },
        "type": [Function],
      },
    ],
    "type": [Function],
  },
  Symbol(enzyme.__nodes__): Array [
    Object {
      "instance": null,
      "key": undefined,
      "nodeType": "function",
      "props": Object {
        "children": Array [
          <CardHeader
            tag="div"
          >
            <b>
              IMEI classification results
            </b>
          </CardHeader>,
          <CardBody
            className="steps-loading"
            tag="div"
          >
            <StepLoading />
          </CardBody>,
        ],
        "tag": "div",
      },
      "ref": null,
      "rendered": Array [
        Object {
          "instance": null,
          "key": undefined,
          "nodeType": "function",
          "props": Object {
            "children": <b>
              IMEI classification results
            </b>,
            "tag": "div",
          },
          "ref": null,
          "rendered": Object {
            "instance": null,
            "key": undefined,
            "nodeType": "host",
            "props": Object {
              "children": "IMEI classification results",
            },
            "ref": null,
            "rendered": "IMEI classification results",
            "type": "b",
          },
          "type": [Function],
        },
        Object {
          "instance": null,
          "key": undefined,
          "nodeType": "function",
          "props": Object {
            "children": <StepLoading />,
            "className": "steps-loading",
            "tag": "div",
          },
          "ref": null,
          "rendered": Object {
            "instance": null,
            "key": undefined,
            "nodeType": "function",
            "props": Object {},
            "ref": null,
            "rendered": null,
            "type": [Function],
          },
          "type": [Function],
        },
      ],
      "type": [Function],
    },
  ],
  Symbol(enzyme.__options__): Object {
    "adapter": ReactSixteenAdapter {
      "options": Object {
        "enableComponentDidUpdateOnSetState": true,
        "lifecycles": Object {
          "componentDidUpdate": Object {
            "onSetState": true,
          },
          "getDerivedStateFromProps": true,
          "getSnapshotBeforeUpdate": true,
          "setState": Object {
            "skipsComponentDidUpdateOnNullish": true,
          },
        },
      },
    },
  },
}
`;

exports[`IMEI classification Component if renders correctly again 1`] = `
initialize {
  "0": Object {
    "attribs": Object {
      "class": "card",
    },
    "children": Array [
      Object {
        "attribs": Object {
          "class": "card-header",
        },
        "children": Array [
          Object {
            "attribs": Object {},
            "children": Array [
              Object {
                "data": "IMEI classification results",
                "next": null,
                "parent": [Circular],
                "prev": null,
                "type": "text",
              },
            ],
            "name": "b",
            "namespace": "http://www.w3.org/1999/xhtml",
            "next": null,
            "parent": [Circular],
            "prev": null,
            "type": "tag",
            "x-attribsNamespace": Object {},
            "x-attribsPrefix": Object {},
          },
        ],
        "name": "div",
        "namespace": "http://www.w3.org/1999/xhtml",
        "next": Object {
          "attribs": Object {
            "class": "steps-loading card-body",
          },
          "children": Array [
            Object {
              "attribs": Object {
                "class": "controler-box show-loading",
              },
              "children": Array [
                Object {
                  "attribs": Object {
                    "class": "lds-roller",
                    "data-loading-title": "Please wait, Your request is in Process",
                  },
                  "children": Array [
                    Object {
                      "attribs": Object {},
                      "children": Array [],
                      "name": "div",
                      "namespace": "http://www.w3.org/1999/xhtml",
                      "next": Object {
                        "attribs": Object {},
                        "children": Array [],
                        "name": "div",
                        "namespace": "http://www.w3.org/1999/xhtml",
                        "next": Object {
                          "attribs": Object {},
                          "children": Array [],
                          "name": "div",
                          "namespace": "http://www.w3.org/1999/xhtml",
                          "next": Object {
                            "attribs": Object {},
                            "children": Array [],
                            "name": "div",
                            "namespace": "http://www.w3.org/1999/xhtml",
                            "next": null,
                            "parent": [Circular],
                            "prev": [Circular],
                            "type": "tag",
                            "x-attribsNamespace": Object {},
                            "x-attribsPrefix": Object {},
                          },
                          "parent": [Circular],
                          "prev": [Circular],
                          "type": "tag",
                          "x-attribsNamespace": Object {},
                          "x-attribsPrefix": Object {},
                        },
                        "parent": [Circular],
                        "prev": [Circular],
                        "type": "tag",
                        "x-attribsNamespace": Object {},
                        "x-attribsPrefix": Object {},
                      },
                      "parent": [Circular],
                      "prev": null,
                      "type": "tag",
                      "x-attribsNamespace": Object {},
                      "x-attribsPrefix": Object {},
                    },
                    Object {
                      "attribs": Object {},
                      "children": Array [],
                      "name": "div",
                      "namespace": "http://www.w3.org/1999/xhtml",
                      "next": Object {
                        "attribs": Object {},
                        "children": Array [],
                        "name": "div",
                        "namespace": "http://www.w3.org/1999/xhtml",
                        "next": Object {
                          "attribs": Object {},
                          "children": Array [],
                          "name": "div",
                          "namespace": "http://www.w3.org/1999/xhtml",
                          "next": null,
                          "parent": [Circular],
                          "prev": [Circular],
                          "type": "tag",
                          "x-attribsNamespace": Object {},
                          "x-attribsPrefix": Object {},
                        },
                        "parent": [Circular],
                        "prev": [Circular],
                        "type": "tag",
                        "x-attribsNamespace": Object {},
                        "x-attribsPrefix": Object {},
                      },
                      "parent": [Circular],
                      "prev": Object {
                        "attribs": Object {},
                        "children": Array [],
                        "name": "div",
                        "namespace": "http://www.w3.org/1999/xhtml",
                        "next": [Circular],
                        "parent": [Circular],
                        "prev": null,
                        "type": "tag",
                        "x-attribsNamespace": Object {},
                        "x-attribsPrefix": Object {},
                      },
                      "type": "tag",
                      "x-attribsNamespace": Object {},
                      "x-attribsPrefix": Object {},
                    },
                    Object {
                      "attribs": Object {},
                      "children": Array [],
                      "name": "div",
                      "namespace": "http://www.w3.org/1999/xhtml",
                      "next": Object {
                        "attribs": Object {},
                        "children": Array [],
                        "name": "div",
                        "namespace": "http://www.w3.org/1999/xhtml",
                        "next": null,
                        "parent": [Circular],
                        "prev": [Circular],
                        "type": "tag",
                        "x-attribsNamespace": Object {},
                        "x-attribsPrefix": Object {},
                      },
                      "parent": [Circular],
                      "prev": Object {
                        "attribs": Object {},
                        "children": Array [],
                        "name": "div",
                        "namespace": "http://www.w3.org/1999/xhtml",
                        "next": [Circular],
                        "parent": [Circular],
                        "prev": Object {
                          "attribs": Object {},
                          "children": Array [],
                          "name": "div",
                          "namespace": "http://www.w3.org/1999/xhtml",
                          "next": [Circular],
                          "parent": [Circular],
                          "prev": null,
                          "type": "tag",
                          "x-attribsNamespace": Object {},
                          "x-attribsPrefix": Object {},
                        },
                        "type": "tag",
                        "x-attribsNamespace": Object {},
                        "x-attribsPrefix": Object {},
                      },
                      "type": "tag",
                      "x-attribsNamespace": Object {},
                      "x-attribsPrefix": Object {},
                    },
                    Object {
                      "attribs": Object {},
                      "children": Array [],
                      "name": "div",
                      "namespace": "http://www.w3.org/1999/xhtml",
                      "next": null,
                      "parent": [Circular],
                      "prev": Object {
                        "attribs": Object {},
                        "children": Array [],
                        "name": "div",
                        "namespace": "http://www.w3.org/1999/xhtml",
                        "next": [Circular],
                        "parent": [Circular],
                        "prev": Object {
                          "attribs": Object {},
                          "children": Array [],
                          "name": "div",
                          "namespace": "http://www.w3.org/1999/xhtml",
                          "next": [Circular],
                          "parent": [Circular],
                          "prev": Object {
                            "attribs": Object {},
                            "children": Array [],
                            "name": "div",
                            "namespace": "http://www.w3.org/1999/xhtml",
                            "next": [Circular],
                            "parent": [Circular],
                            "prev": null,
                            "type": "tag",
                            "x-attribsNamespace": Object {},
                            "x-attribsPrefix": Object {},
                          },
                          "type": "tag",
                          "x-attribsNamespace": Object {},
                          "x-attribsPrefix": Object {},
                        },
                        "type": "tag",
                        "x-attribsNamespace": Object {},
                        "x-attribsPrefix": Object {},
                      },
                      "type": "tag",
                      "x-attribsNamespace": Object {},
                      "x-attribsPrefix": Object {},
                    },
                  ],
                  "name": "div",
                  "namespace": "http://www.w3.org/1999/xhtml",
                  "next": null,
                  "parent": [Circular],
                  "prev": null,
                  "type": "tag",
                  "x-attribsNamespace": Object {
                    "class": undefined,
                    "data-loading-title": undefined,
                  },
                  "x-attribsPrefix": Object {
                    "class": undefined,
                    "data-loading-title": undefined,
                  },
                },
              ],
              "name": "div",
              "namespace": "http://www.w3.org/1999/xhtml",
              "next": null,
              "parent": [Circular],
              "prev": null,
              "type": "tag",
              "x-attribsNamespace": Object {
                "class": undefined,
              },
              "x-attribsPrefix": Object {
                "class": undefined,
              },
            },
          ],
          "name": "div",
          "namespace": "http://www.w3.org/1999/xhtml",
          "next": null,
          "parent": [Circular],
          "prev": [Circular],
          "type": "tag",
          "x-attribsNamespace": Object {
            "class": undefined,
          },
          "x-attribsPrefix": Object {
            "class": undefined,
          },
        },
        "parent": [Circular],
        "prev": null,
        "type": "tag",
        "x-attribsNamespace": Object {
          "class": undefined,
        },
        "x-attribsPrefix": Object {
          "class": undefined,
        },
      },
      Object {
        "attribs": Object {
          "class": "steps-loading card-body",
        },
        "children": Array [
          Object {
            "attribs": Object {
              "class": "controler-box show-loading",
            },
            "children": Array [
              Object {
                "attribs": Object {
                  "class": "lds-roller",
                  "data-loading-title": "Please wait, Your request is in Process",
                },
                "children": Array [
                  Object {
                    "attribs": Object {},
                    "children": Array [],
                    "name": "div",
                    "namespace": "http://www.w3.org/1999/xhtml",
                    "next": Object {
                      "attribs": Object {},
                      "children": Array [],
                      "name": "div",
                      "namespace": "http://www.w3.org/1999/xhtml",
                      "next": Object {
                        "attribs": Object {},
                        "children": Array [],
                        "name": "div",
                        "namespace": "http://www.w3.org/1999/xhtml",
                        "next": Object {
                          "attribs": Object {},
                          "children": Array [],
                          "name": "div",
                          "namespace": "http://www.w3.org/1999/xhtml",
                          "next": null,
                          "parent": [Circular],
                          "prev": [Circular],
                          "type": "tag",
                          "x-attribsNamespace": Object {},
                          "x-attribsPrefix": Object {},
                        },
                        "parent": [Circular],
                        "prev": [Circular],
                        "type": "tag",
                        "x-attribsNamespace": Object {},
                        "x-attribsPrefix": Object {},
                      },
                      "parent": [Circular],
                      "prev": [Circular],
                      "type": "tag",
                      "x-attribsNamespace": Object {},
                      "x-attribsPrefix": Object {},
                    },
                    "parent": [Circular],
                    "prev": null,
                    "type": "tag",
                    "x-attribsNamespace": Object {},
                    "x-attribsPrefix": Object {},
                  },
                  Object {
                    "attribs": Object {},
                    "children": Array [],
                    "name": "div",
                    "namespace": "http://www.w3.org/1999/xhtml",
                    "next": Object {
                      "attribs": Object {},
                      "children": Array [],
                      "name": "div",
                      "namespace": "http://www.w3.org/1999/xhtml",
                      "next": Object {
                        "attribs": Object {},
                        "children": Array [],
                        "name": "div",
                        "namespace": "http://www.w3.org/1999/xhtml",
                        "next": null,
                        "parent": [Circular],
                        "prev": [Circular],
                        "type": "tag",
                        "x-attribsNamespace": Object {},
                        "x-attribsPrefix": Object {},
                      },
                      "parent": [Circular],
                      "prev": [Circular],
                      "type": "tag",
                      "x-attribsNamespace": Object {},
                      "x-attribsPrefix": Object {},
                    },
                    "parent": [Circular],
                    "prev": Object {
                      "attribs": Object {},
                      "children": Array [],
                      "name": "div",
                      "namespace": "http://www.w3.org/1999/xhtml",
                      "next": [Circular],
                      "parent": [Circular],
                      "prev": null,
                      "type": "tag",
                      "x-attribsNamespace": Object {},
                      "x-attribsPrefix": Object {},
                    },
                    "type": "tag",
                    "x-attribsNamespace": Object {},
                    "x-attribsPrefix": Object {},
                  },
                  Object {
                    "attribs": Object {},
                    "children": Array [],
                    "name": "div",
                    "namespace": "http://www.w3.org/1999/xhtml",
                    "next": Object {
                      "attribs": Object {},
                      "children": Array [],
                      "name": "div",
                      "namespace": "http://www.w3.org/1999/xhtml",
                      "next": null,
                      "parent": [Circular],
                      "prev": [Circular],
                      "type": "tag",
                      "x-attribsNamespace": Object {},
                      "x-attribsPrefix": Object {},
                    },
                    "parent": [Circular],
                    "prev": Object {
                      "attribs": Object {},
                      "children": Array [],
                      "name": "div",
                      "namespace": "http://www.w3.org/1999/xhtml",
                      "next": [Circular],
                      "parent": [Circular],
                      "prev": Object {
                        "attribs": Object {},
                        "children": Array [],
                        "name": "div",
                        "namespace": "http://www.w3.org/1999/xhtml",
                        "next": [Circular],
                        "parent": [Circular],
                        "prev": null,
                        "type": "tag",
                        "x-attribsNamespace": Object {},
                        "x-attribsPrefix": Object {},
                      },
                      "type": "tag",
                      "x-attribsNamespace": Object {},
                      "x-attribsPrefix": Object {},
                    },
                    "type": "tag",
                    "x-attribsNamespace": Object {},
                    "x-attribsPrefix": Object {},
                  },
                  Object {
                    "attribs": Object {},
                    "children": Array [],
                    "name": "div",
                    "namespace": "http://www.w3.org/1999/xhtml",
                    "next": null,
                    "parent": [Circular],
                    "prev": Object {
                      "attribs": Object {},
                      "children": Array [],
                      "name": "div",
                      "namespace": "http://www.w3.org/1999/xhtml",
                      "next": [Circular],
                      "parent": [Circular],
                      "prev": Object {
                        "attribs": Object {},
                        "children": Array [],
                        "name": "div",
                        "namespace": "http://www.w3.org/1999/xhtml",
                        "next": [Circular],
                        "parent": [Circular],
                        "prev": Object {
                          "attribs": Object {},
                          "children": Array [],
                          "name": "div",
                          "namespace": "http://www.w3.org/1999/xhtml",
                          "next": [Circular],
                          "parent": [Circular],
                          "prev": null,
                          "type": "tag",
                          "x-attribsNamespace": Object {},
                          "x-attribsPrefix": Object {},
                        },
                        "type": "tag",
                        "x-attribsNamespace": Object {},
                        "x-attribsPrefix": Object {},
                      },
                      "type": "tag",
                      "x-attribsNamespace": Object {},
                      "x-attribsPrefix": Object {},
                    },
                    "type": "tag",
                    "x-attribsNamespace": Object {},
                    "x-attribsPrefix": Object {},
                  },
                ],
                "name": "div",
                "namespace": "http://www.w3.org/1999/xhtml",
                "next": null,
                "parent": [Circular],
                "prev": null,
                "type": "tag",
                "x-attribsNamespace": Object {
                  "class": undefined,
                  "data-loading-title": undefined,
                },
                "x-attribsPrefix": Object {
                  "class": undefined,
                  "data-loading-title": undefined,
                },
              },
            ],
            "name": "div",
            "namespace": "http://www.w3.org/1999/xhtml",
            "next": null,
            "parent": [Circular],
            "prev": null,
            "type": "tag",
            "x-attribsNamespace": Object {
              "class": undefined,
            },
            "x-attribsPrefix": Object {
              "class": undefined,
            },
          },
        ],
        "name": "div",
        "namespace": "http://www.w3.org/1999/xhtml",
        "next": null,
        "parent": [Circular],
        "prev": Object {
          "attribs": Object {
            "class": "card-header",
          },
          "children": Array [
            Object {
              "attribs": Object {},
              "children": Array [
                Object {
                  "data": "IMEI classification results",
                  "next": null,
                  "parent": [Circular],
                  "prev": null,
                  "type": "text",
                },
              ],
              "name": "b",
              "namespace": "http://www.w3.org/1999/xhtml",
              "next": null,
              "parent": [Circular],
              "prev": null,
              "type": "tag",
              "x-attribsNamespace": Object {},
              "x-attribsPrefix": Object {},
            },
          ],
          "name": "div",
          "namespace": "http://www.w3.org/1999/xhtml",
          "next": [Circular],
          "parent": [Circular],
          "prev": null,
          "type": "tag",
          "x-attribsNamespace": Object {
            "class": undefined,
          },
          "x-attribsPrefix": Object {
            "class": undefined,
          },
        },
        "type": "tag",
        "x-attribsNamespace": Object {
          "class": undefined,
        },
        "x-attribsPrefix": Object {
          "class": undefined,
        },
      },
    ],
    "name": "div",
    "namespace": "http://www.w3.org/1999/xhtml",
    "next": null,
    "parent": null,
    "prev": null,
    "root": Object {
      "attribs": Object {},
      "children": Array [
        [Circular],
      ],
      "name": "root",
      "namespace": "http://www.w3.org/1999/xhtml",
      "next": null,
      "parent": null,
      "prev": null,
      "type": "root",
      "x-attribsNamespace": Object {},
      "x-attribsPrefix": Object {},
    },
    "type": "tag",
    "x-attribsNamespace": Object {
      "class": undefined,
    },
    "x-attribsPrefix": Object {
      "class": undefined,
    },
  },
  "_root": [Circular],
  "length": 1,
  "options": Object {
    "decodeEntities": true,
    "normalizeWhitespace": false,
    "withDomLvl1": true,
    "xml": false,
  },
}
`;
