// Jest Snapshot v1, https://goo.gl/fbAQLP

exports[`Header Nofication Component if render correctly 1`] = `
ShallowWrapper {
  Symbol(enzyme.__root__): [Circular],
  Symbol(enzyme.__unrendered__): <HeaderNotifyDropdown />,
  Symbol(enzyme.__renderer__): Object {
    "batchedUpdates": [Function],
    "getNode": [Function],
    "render": [Function],
    "simulateError": [Function],
    "simulateEvent": [Function],
    "unmount": [Function],
  },
  Symbol(enzyme.__node__): Object {
    "instance": null,
    "key": undefined,
    "nodeType": "class",
    "props": Object {
      "active": false,
      "addonType": false,
      "children": Array [
        <DropdownToggle
          aria-haspopup={true}
          color="secondary"
          nav={true}
        >
          <i
            className="fa fa-bell-o fa-lg"
          />
        </DropdownToggle>,
        <DropdownMenu
          className="dropdown-notify dropdown-menu-lg"
          flip={true}
          right={true}
          tag="div"
        >
          <div
            className="dropdown-header text-center"
          >
            <b>
              Notifications
            </b>
          </div>
          <p
            className="no-data"
          >
            No new Notifications
          </p>
        </DropdownMenu>,
      ],
      "direction": "down",
      "inNavbar": false,
      "isOpen": false,
      "nav": true,
      "setActiveFromChild": false,
      "toggle": [Function],
    },
    "ref": null,
    "rendered": Array [
      Object {
        "instance": null,
        "key": undefined,
        "nodeType": "class",
        "props": Object {
          "aria-haspopup": true,
          "children": Array [
            <i
              className="fa fa-bell-o fa-lg"
            />,
            false,
          ],
          "color": "secondary",
          "nav": true,
        },
        "ref": null,
        "rendered": Array [
          Object {
            "instance": null,
            "key": undefined,
            "nodeType": "host",
            "props": Object {
              "className": "fa fa-bell-o fa-lg",
            },
            "ref": null,
            "rendered": null,
            "type": "i",
          },
          false,
        ],
        "type": [Function],
      },
      Object {
        "instance": null,
        "key": undefined,
        "nodeType": "function",
        "props": Object {
          "children": Array [
            <div
              className="dropdown-header text-center"
            >
              <b>
                Notifications
              </b>
            </div>,
            false,
            <p
              className="no-data"
            >
              No new Notifications
            </p>,
          ],
          "className": "dropdown-notify dropdown-menu-lg",
          "flip": true,
          "right": true,
          "tag": "div",
        },
        "ref": null,
        "rendered": Array [
          Object {
            "instance": null,
            "key": undefined,
            "nodeType": "host",
            "props": Object {
              "children": <b>
                Notifications
              </b>,
              "className": "dropdown-header text-center",
            },
            "ref": null,
            "rendered": Object {
              "instance": null,
              "key": undefined,
              "nodeType": "host",
              "props": Object {
                "children": "Notifications",
              },
              "ref": null,
              "rendered": "Notifications",
              "type": "b",
            },
            "type": "div",
          },
          false,
          Object {
            "instance": null,
            "key": undefined,
            "nodeType": "host",
            "props": Object {
              "children": "No new Notifications",
              "className": "no-data",
            },
            "ref": null,
            "rendered": "No new Notifications",
            "type": "p",
          },
        ],
        "type": [Function],
      },
    ],
    "type": [Function],
  },
  Symbol(enzyme.__nodes__): Array [
    Object {
      "instance": null,
      "key": undefined,
      "nodeType": "class",
      "props": Object {
        "active": false,
        "addonType": false,
        "children": Array [
          <DropdownToggle
            aria-haspopup={true}
            color="secondary"
            nav={true}
          >
            <i
              className="fa fa-bell-o fa-lg"
            />
          </DropdownToggle>,
          <DropdownMenu
            className="dropdown-notify dropdown-menu-lg"
            flip={true}
            right={true}
            tag="div"
          >
            <div
              className="dropdown-header text-center"
            >
              <b>
                Notifications
              </b>
            </div>
            <p
              className="no-data"
            >
              No new Notifications
            </p>
          </DropdownMenu>,
        ],
        "direction": "down",
        "inNavbar": false,
        "isOpen": false,
        "nav": true,
        "setActiveFromChild": false,
        "toggle": [Function],
      },
      "ref": null,
      "rendered": Array [
        Object {
          "instance": null,
          "key": undefined,
          "nodeType": "class",
          "props": Object {
            "aria-haspopup": true,
            "children": Array [
              <i
                className="fa fa-bell-o fa-lg"
              />,
              false,
            ],
            "color": "secondary",
            "nav": true,
          },
          "ref": null,
          "rendered": Array [
            Object {
              "instance": null,
              "key": undefined,
              "nodeType": "host",
              "props": Object {
                "className": "fa fa-bell-o fa-lg",
              },
              "ref": null,
              "rendered": null,
              "type": "i",
            },
            false,
          ],
          "type": [Function],
        },
        Object {
          "instance": null,
          "key": undefined,
          "nodeType": "function",
          "props": Object {
            "children": Array [
              <div
                className="dropdown-header text-center"
              >
                <b>
                  Notifications
                </b>
              </div>,
              false,
              <p
                className="no-data"
              >
                No new Notifications
              </p>,
            ],
            "className": "dropdown-notify dropdown-menu-lg",
            "flip": true,
            "right": true,
            "tag": "div",
          },
          "ref": null,
          "rendered": Array [
            Object {
              "instance": null,
              "key": undefined,
              "nodeType": "host",
              "props": Object {
                "children": <b>
                  Notifications
                </b>,
                "className": "dropdown-header text-center",
              },
              "ref": null,
              "rendered": Object {
                "instance": null,
                "key": undefined,
                "nodeType": "host",
                "props": Object {
                  "children": "Notifications",
                },
                "ref": null,
                "rendered": "Notifications",
                "type": "b",
              },
              "type": "div",
            },
            false,
            Object {
              "instance": null,
              "key": undefined,
              "nodeType": "host",
              "props": Object {
                "children": "No new Notifications",
                "className": "no-data",
              },
              "ref": null,
              "rendered": "No new Notifications",
              "type": "p",
            },
          ],
          "type": [Function],
        },
      ],
      "type": [Function],
    },
  ],
  Symbol(enzyme.__options__): Object {
    "adapter": ReactSixteenAdapter {
      "options": Object {
        "enableComponentDidUpdateOnSetState": true,
        "lifecycles": Object {
          "componentDidUpdate": Object {
            "onSetState": true,
          },
          "getDerivedStateFromProps": true,
          "getSnapshotBeforeUpdate": true,
          "setState": Object {
            "skipsComponentDidUpdateOnNullish": true,
          },
        },
      },
    },
  },
}
`;

exports[`Header Nofication Component if renders correctly again 1`] = `
initialize {
  "0": Object {
    "attribs": Object {
      "class": "dropdown nav-item",
    },
    "children": Array [
      Object {
        "attribs": Object {
          "aria-expanded": "false",
          "aria-haspopup": "true",
          "class": "nav-link",
          "href": "#",
        },
        "children": Array [
          Object {
            "attribs": Object {
              "class": "fa fa-bell-o fa-lg",
            },
            "children": Array [],
            "name": "i",
            "namespace": "http://www.w3.org/1999/xhtml",
            "next": null,
            "parent": [Circular],
            "prev": null,
            "type": "tag",
            "x-attribsNamespace": Object {
              "class": undefined,
            },
            "x-attribsPrefix": Object {
              "class": undefined,
            },
          },
        ],
        "name": "a",
        "namespace": "http://www.w3.org/1999/xhtml",
        "next": Object {
          "attribs": Object {
            "aria-hidden": "true",
            "class": "dropdown-notify dropdown-menu-lg dropdown-menu dropdown-menu-right",
            "role": "menu",
            "tabindex": "-1",
          },
          "children": Array [
            Object {
              "attribs": Object {
                "class": "dropdown-header text-center",
              },
              "children": Array [
                Object {
                  "attribs": Object {},
                  "children": Array [
                    Object {
                      "data": "Notifications",
                      "next": null,
                      "parent": [Circular],
                      "prev": null,
                      "type": "text",
                    },
                  ],
                  "name": "b",
                  "namespace": "http://www.w3.org/1999/xhtml",
                  "next": null,
                  "parent": [Circular],
                  "prev": null,
                  "type": "tag",
                  "x-attribsNamespace": Object {},
                  "x-attribsPrefix": Object {},
                },
              ],
              "name": "div",
              "namespace": "http://www.w3.org/1999/xhtml",
              "next": Object {
                "attribs": Object {
                  "class": "no-data",
                },
                "children": Array [
                  Object {
                    "data": "No new Notifications",
                    "next": null,
                    "parent": [Circular],
                    "prev": null,
                    "type": "text",
                  },
                ],
                "name": "p",
                "namespace": "http://www.w3.org/1999/xhtml",
                "next": null,
                "parent": [Circular],
                "prev": [Circular],
                "type": "tag",
                "x-attribsNamespace": Object {
                  "class": undefined,
                },
                "x-attribsPrefix": Object {
                  "class": undefined,
                },
              },
              "parent": [Circular],
              "prev": null,
              "type": "tag",
              "x-attribsNamespace": Object {
                "class": undefined,
              },
              "x-attribsPrefix": Object {
                "class": undefined,
              },
            },
            Object {
              "attribs": Object {
                "class": "no-data",
              },
              "children": Array [
                Object {
                  "data": "No new Notifications",
                  "next": null,
                  "parent": [Circular],
                  "prev": null,
                  "type": "text",
                },
              ],
              "name": "p",
              "namespace": "http://www.w3.org/1999/xhtml",
              "next": null,
              "parent": [Circular],
              "prev": Object {
                "attribs": Object {
                  "class": "dropdown-header text-center",
                },
                "children": Array [
                  Object {
                    "attribs": Object {},
                    "children": Array [
                      Object {
                        "data": "Notifications",
                        "next": null,
                        "parent": [Circular],
                        "prev": null,
                        "type": "text",
                      },
                    ],
                    "name": "b",
                    "namespace": "http://www.w3.org/1999/xhtml",
                    "next": null,
                    "parent": [Circular],
                    "prev": null,
                    "type": "tag",
                    "x-attribsNamespace": Object {},
                    "x-attribsPrefix": Object {},
                  },
                ],
                "name": "div",
                "namespace": "http://www.w3.org/1999/xhtml",
                "next": [Circular],
                "parent": [Circular],
                "prev": null,
                "type": "tag",
                "x-attribsNamespace": Object {
                  "class": undefined,
                },
                "x-attribsPrefix": Object {
                  "class": undefined,
                },
              },
              "type": "tag",
              "x-attribsNamespace": Object {
                "class": undefined,
              },
              "x-attribsPrefix": Object {
                "class": undefined,
              },
            },
          ],
          "name": "div",
          "namespace": "http://www.w3.org/1999/xhtml",
          "next": null,
          "parent": [Circular],
          "prev": [Circular],
          "type": "tag",
          "x-attribsNamespace": Object {
            "aria-hidden": undefined,
            "class": undefined,
            "role": undefined,
            "tabindex": undefined,
          },
          "x-attribsPrefix": Object {
            "aria-hidden": undefined,
            "class": undefined,
            "role": undefined,
            "tabindex": undefined,
          },
        },
        "parent": [Circular],
        "prev": null,
        "type": "tag",
        "x-attribsNamespace": Object {
          "aria-expanded": undefined,
          "aria-haspopup": undefined,
          "class": undefined,
          "href": undefined,
        },
        "x-attribsPrefix": Object {
          "aria-expanded": undefined,
          "aria-haspopup": undefined,
          "class": undefined,
          "href": undefined,
        },
      },
      Object {
        "attribs": Object {
          "aria-hidden": "true",
          "class": "dropdown-notify dropdown-menu-lg dropdown-menu dropdown-menu-right",
          "role": "menu",
          "tabindex": "-1",
        },
        "children": Array [
          Object {
            "attribs": Object {
              "class": "dropdown-header text-center",
            },
            "children": Array [
              Object {
                "attribs": Object {},
                "children": Array [
                  Object {
                    "data": "Notifications",
                    "next": null,
                    "parent": [Circular],
                    "prev": null,
                    "type": "text",
                  },
                ],
                "name": "b",
                "namespace": "http://www.w3.org/1999/xhtml",
                "next": null,
                "parent": [Circular],
                "prev": null,
                "type": "tag",
                "x-attribsNamespace": Object {},
                "x-attribsPrefix": Object {},
              },
            ],
            "name": "div",
            "namespace": "http://www.w3.org/1999/xhtml",
            "next": Object {
              "attribs": Object {
                "class": "no-data",
              },
              "children": Array [
                Object {
                  "data": "No new Notifications",
                  "next": null,
                  "parent": [Circular],
                  "prev": null,
                  "type": "text",
                },
              ],
              "name": "p",
              "namespace": "http://www.w3.org/1999/xhtml",
              "next": null,
              "parent": [Circular],
              "prev": [Circular],
              "type": "tag",
              "x-attribsNamespace": Object {
                "class": undefined,
              },
              "x-attribsPrefix": Object {
                "class": undefined,
              },
            },
            "parent": [Circular],
            "prev": null,
            "type": "tag",
            "x-attribsNamespace": Object {
              "class": undefined,
            },
            "x-attribsPrefix": Object {
              "class": undefined,
            },
          },
          Object {
            "attribs": Object {
              "class": "no-data",
            },
            "children": Array [
              Object {
                "data": "No new Notifications",
                "next": null,
                "parent": [Circular],
                "prev": null,
                "type": "text",
              },
            ],
            "name": "p",
            "namespace": "http://www.w3.org/1999/xhtml",
            "next": null,
            "parent": [Circular],
            "prev": Object {
              "attribs": Object {
                "class": "dropdown-header text-center",
              },
              "children": Array [
                Object {
                  "attribs": Object {},
                  "children": Array [
                    Object {
                      "data": "Notifications",
                      "next": null,
                      "parent": [Circular],
                      "prev": null,
                      "type": "text",
                    },
                  ],
                  "name": "b",
                  "namespace": "http://www.w3.org/1999/xhtml",
                  "next": null,
                  "parent": [Circular],
                  "prev": null,
                  "type": "tag",
                  "x-attribsNamespace": Object {},
                  "x-attribsPrefix": Object {},
                },
              ],
              "name": "div",
              "namespace": "http://www.w3.org/1999/xhtml",
              "next": [Circular],
              "parent": [Circular],
              "prev": null,
              "type": "tag",
              "x-attribsNamespace": Object {
                "class": undefined,
              },
              "x-attribsPrefix": Object {
                "class": undefined,
              },
            },
            "type": "tag",
            "x-attribsNamespace": Object {
              "class": undefined,
            },
            "x-attribsPrefix": Object {
              "class": undefined,
            },
          },
        ],
        "name": "div",
        "namespace": "http://www.w3.org/1999/xhtml",
        "next": null,
        "parent": [Circular],
        "prev": Object {
          "attribs": Object {
            "aria-expanded": "false",
            "aria-haspopup": "true",
            "class": "nav-link",
            "href": "#",
          },
          "children": Array [
            Object {
              "attribs": Object {
                "class": "fa fa-bell-o fa-lg",
              },
              "children": Array [],
              "name": "i",
              "namespace": "http://www.w3.org/1999/xhtml",
              "next": null,
              "parent": [Circular],
              "prev": null,
              "type": "tag",
              "x-attribsNamespace": Object {
                "class": undefined,
              },
              "x-attribsPrefix": Object {
                "class": undefined,
              },
            },
          ],
          "name": "a",
          "namespace": "http://www.w3.org/1999/xhtml",
          "next": [Circular],
          "parent": [Circular],
          "prev": null,
          "type": "tag",
          "x-attribsNamespace": Object {
            "aria-expanded": undefined,
            "aria-haspopup": undefined,
            "class": undefined,
            "href": undefined,
          },
          "x-attribsPrefix": Object {
            "aria-expanded": undefined,
            "aria-haspopup": undefined,
            "class": undefined,
            "href": undefined,
          },
        },
        "type": "tag",
        "x-attribsNamespace": Object {
          "aria-hidden": undefined,
          "class": undefined,
          "role": undefined,
          "tabindex": undefined,
        },
        "x-attribsPrefix": Object {
          "aria-hidden": undefined,
          "class": undefined,
          "role": undefined,
          "tabindex": undefined,
        },
      },
    ],
    "name": "li",
    "namespace": "http://www.w3.org/1999/xhtml",
    "next": null,
    "parent": null,
    "prev": null,
    "root": Object {
      "attribs": Object {},
      "children": Array [
        [Circular],
      ],
      "name": "root",
      "namespace": "http://www.w3.org/1999/xhtml",
      "next": null,
      "parent": null,
      "prev": null,
      "type": "root",
      "x-attribsNamespace": Object {},
      "x-attribsPrefix": Object {},
    },
    "type": "tag",
    "x-attribsNamespace": Object {
      "class": undefined,
    },
    "x-attribsPrefix": Object {
      "class": undefined,
    },
  },
  "_root": [Circular],
  "length": 1,
  "options": Object {
    "decodeEntities": true,
    "normalizeWhitespace": false,
    "withDomLvl1": true,
    "xml": false,
  },
}
`;
